// Jest Snapshot v1, https://goo.gl/fbAQLP

exports[`docs-in-page-link Render logic should render 1`] = `
<docs-in-page-link>
  <!---->
  <a></a>
</docs-in-page-link>
`;
