// Jest Snapshot v1, https://goo.gl/fbAQLP

exports[`docs-next-previous Render logic should render 1`] = `<docs-next-previous class="css-20cstw"></docs-next-previous>`;
