// Jest Snapshot v1, https://goo.gl/fbAQLP

exports[`amplify-sidebar-layout-toggle Render logic should render 1`] = `
<amplify-sidebar-close-button>
  <button class="css-1uzsahx">
    <img alt="Close menu" src="/assets/close-light.svg">
  </button>
</amplify-sidebar-close-button>
`;
