// Jest Snapshot v1, https://goo.gl/fbAQLP

exports[`docs-universal-nav Render logic should render 1`] = `
<docs-universal-nav class="css-1c42ddj">
  <docs-container class="background-color-orange-hv">
    <div class="css-sx2vr3">
      <stencil-route-link anchortitle="Amplify Docs" class="css-11aid50" url="/">
        <img>
        <span></span>
      </stencil-route-link>
      <docs-search-bar class="css-fbz3bc"></docs-search-bar>
      <div class="css-14o8hhr">
        <amplify-external-link anchortitle="Amplify Community" href="https://amplify.aws/community" redirect="">
          <span>
            Community
          </span>
        </amplify-external-link>
        <amplify-external-link anchortitle="AWS Amplify Homepage" graphic="white" href="https://aws.amazon.com/amplify/framework/">
          <span>
            About
            <span class="css-ecbrz7">
              Amplify
            </span>
          </span>
        </amplify-external-link>
      </div>
    </div>
  </docs-container>
</docs-universal-nav>
`;
