// Jest Snapshot v1, https://goo.gl/fbAQLP

exports[`docs-menu-group Render logic should render 1`] = `<docs-menu-group></docs-menu-group>`;
