// Jest Snapshot v1, https://goo.gl/fbAQLP

exports[`amplify-sidebar-layout-sidebar Render logic should render 1`] = `
<amplify-sidebar-layout-sidebar class="css-kdiujo in-view">
  <!---->
  <div>
    <div style="top: initial;"></div>
  </div>
</amplify-sidebar-layout-sidebar>
`;
